
Discarded input sections

 .text          0x0000000000000000        0x0 /tmp/cchcWKM4.o
 .data          0x0000000000000000        0x0 /tmp/cchcWKM4.o
 .bss           0x0000000000000000        0x0 /tmp/cchcWKM4.o
 .data          0x0000000000000000        0x0 /tmp/ccsdM15Y.o
 .bss           0x0000000000000000        0x0 /tmp/ccsdM15Y.o
 .comment       0x0000000000000000       0x3b /tmp/ccsdM15Y.o
 .note.GNU-stack
                0x0000000000000000        0x0 /tmp/ccsdM15Y.o
 .text          0x0000000000000000        0x0 /tmp/ccL7EF6T.o
 .data          0x0000000000000000        0x0 /tmp/ccL7EF6T.o
 .bss           0x0000000000000000        0x0 /tmp/ccL7EF6T.o
 .comment       0x0000000000000000       0x3b /tmp/ccL7EF6T.o
 .note.GNU-stack
                0x0000000000000000        0x0 /tmp/ccL7EF6T.o

Memory Configuration

Name             Origin             Length             Attributes
DDR              0x000000001c000000 0x0000000001000000 xrw
*default*        0x0000000000000000 0xffffffffffffffff

Linker script and memory map

LOAD /tmp/cchcWKM4.o
LOAD /tmp/ccsdM15Y.o
LOAD /tmp/ccL7EF6T.o
LOAD /mnt/c/Users/liuxx/Downloads/loongson-gnu-toolchain-8.3-x86_64-loongarch32r-linux-gnusf-v2.0/bin/../lib/gcc/loongarch32r-linux-gnusf/8.3.0/libgcc.a
                0x000000001c000000                . = ORIGIN (DDR)

.text           0x000000001c000000      0x2e0
 *(.text.start)
 .text.start    0x000000001c000000       0x2c /tmp/cchcWKM4.o
                0x000000001c000000                _start
 *(.text .text.*)
 .text          0x000000001c00002c      0x288 /tmp/ccsdM15Y.o
                0x000000001c00002c                vga_clear
                0x000000001c00004c                vga_draw_frame
                0x000000001c000070                vga_putc_xy
                0x000000001c0000b4                vga_puts_xy
                0x000000001c00011c                vga_getc_xy
                0x000000001c000174                ps2_status
                0x000000001c000180                ps2_getchar_nonblock
                0x000000001c0001a4                ps2_getchar
                0x000000001c0001c8                uart_putc
                0x000000001c0001f0                uart_puts
                0x000000001c000238                timer_read
                0x000000001c000244                delay_cycles
                0x000000001c000260                delay_ms
                0x000000001c000298                led_write
                0x000000001c0002a4                diag_write
 .text.startup  0x000000001c0002b4       0x2c /tmp/ccL7EF6T.o
                0x000000001c0002b4                main

.rodata         0x000000001c0002e0        0xc
 *(.rodata .rodata.*)
 .rodata.str1.4
                0x000000001c0002e0        0xc /tmp/ccL7EF6T.o
                                          0xb (size before relaxing)

.data
 *(.data .data.*)
 *(.sdata .sdata.*)
                0x000000001c0002ec                . = ALIGN (0x4)
                0x000000001c0002ec                __bss_start = .

.bss
 *(.bss .bss.*)
 *(.sbss .sbss.*)
 *(COMMON)
                0x000000001c0002ec                . = ALIGN (0x4)
                0x000000001c0002ec                __bss_end = .
                [!provide]                        PROVIDE (__stack_top = 0x1cfff000)

/DISCARD/
 *(.comment)
 *(.note*)
 *(.eh_frame*)
OUTPUT(/mnt/c/Users/liuxx/Desktop/small_term/waterflow_CPU/tools/build/nand_led_vga_demo.elf elf32-loongarch)
